src/controllers/policyController.ts(23,58): error TS2345: Argument of type 'string | string[]' is not assignable to parameter of type 'string'.
  Type 'string[]' is not assignable to type 'string'.
src/controllers/policyController.ts(49,57): error TS2345: Argument of type 'string | string[]' is not assignable to parameter of type 'string'.
  Type 'string[]' is not assignable to type 'string'.
src/services/analyticsService.ts(1,24): error TS2305: Module '"@prisma/client"' has no exported member 'RiskLevel'.
src/services/analyticsService.ts(24,9): error TS7053: Element implicitly has an 'any' type because expression of type 'RiskLevel' can't be used to index type '{ LOW: number; MEDIUM: number; HIGH: number; }'.
src/services/analyticsService.ts(81,9): error TS7053: Element implicitly has an 'any' type because expression of type 'RiskLevel' can't be used to index type '{ LOW: number; MEDIUM: number; HIGH: number; }'.
src/services/policyService.ts(50,5): error TS2322: Type 'PolicyDTO[] | null' is not assignable to type 'PolicyDTO[]'.
  Type 'null' is not assignable to type 'PolicyDTO[]'.
